../Drivers/simulink/dynamic_8_g.c:109:15:rtGetInf	32	static
../Drivers/simulink/dynamic_8_g.c:133:17:rtGetInfF	16	static
../Drivers/simulink/dynamic_8_g.c:144:15:rtGetMinusInf	32	static
../Drivers/simulink/dynamic_8_g.c:168:17:rtGetMinusInfF	16	static
../Drivers/simulink/dynamic_8_g.c:179:15:rtGetNaN	32	static
../Drivers/simulink/dynamic_8_g.c:203:17:rtGetNaNF	16	static
../Drivers/simulink/dynamic_8_g.c:215:13:rt_InitInfAndNaN	16	static
../Drivers/simulink/dynamic_8_g.c:227:18:rtIsInf	16	static
../Drivers/simulink/dynamic_8_g.c:233:18:rtIsInfF	16	static
../Drivers/simulink/dynamic_8_g.c:239:18:rtIsNaN	32	static
../Drivers/simulink/dynamic_8_g.c:261:18:rtIsNaNF	24	static
../Drivers/simulink/dynamic_8_g.c:273:13:rt_ertODEUpdateContinuousStates	160	static
../Drivers/simulink/dynamic_8_g.c:405:6:dynamic_8_g_step	808	static
../Drivers/simulink/dynamic_8_g.c:1107:6:dynamic_8_g_derivatives	16	static
../Drivers/simulink/dynamic_8_g.c:1132:6:dynamic_8_g_initialize	8	static
