D:/THANH/HK232/DoAnTN/f411_test_imu_uwb/f411_test_imu_uwb/f411_test_imu_uwb/bno055_stm32-master/bno055_stm32.h:20:6:bno055_assignI2C	1
D:/THANH/HK232/DoAnTN/f411_test_imu_uwb/f411_test_imu_uwb/f411_test_imu_uwb/bno055_stm32-master/bno055_stm32.h:24:6:bno055_delay	1
D:/THANH/HK232/DoAnTN/f411_test_imu_uwb/f411_test_imu_uwb/f411_test_imu_uwb/bno055_stm32-master/bno055_stm32.h:32:6:bno055_writeData	23
D:/THANH/HK232/DoAnTN/f411_test_imu_uwb/f411_test_imu_uwb/f411_test_imu_uwb/bno055_stm32-master/bno055_stm32.h:96:6:bno055_readData	1
../Core/Src/main.c:122:6:pos_xy	2
../Core/Src/main.c:137:6:HAL_TIM_PeriodElapsedCallback	4
../Core/Src/main.c:184:6:HAL_UART_RxCpltCallback	13
../Core/Src/main.c:263:5:main	1
../Core/Src/main.c:341:6:SystemClock_Config	3
../Core/Src/main.c:388:13:MX_I2C3_Init	2
../Core/Src/main.c:422:13:MX_TIM1_Init	3
../Core/Src/main.c:472:13:MX_TIM2_Init	3
../Core/Src/main.c:521:13:MX_TIM3_Init	3
../Core/Src/main.c:570:13:MX_TIM4_Init	3
../Core/Src/main.c:619:13:MX_TIM9_Init	3
../Core/Src/main.c:657:13:MX_USART1_UART_Init	2
../Core/Src/main.c:690:13:MX_USART2_UART_Init	2
../Core/Src/main.c:723:13:MX_USART6_UART_Init	2
../Core/Src/main.c:756:13:MX_GPIO_Init	1
../Core/Src/main.c:802:6:Error_Handler	1
