../Drivers/Simulink/moment_OL2_genC.c:98:15:rtGetNaN	32	static
../Drivers/Simulink/moment_OL2_genC.c:122:17:rtGetNaNF	16	static
../Drivers/Simulink/moment_OL2_genC.c:134:13:rt_InitInfAndNaN	16	static
../Drivers/Simulink/moment_OL2_genC.c:146:18:rtIsInf	16	static
../Drivers/Simulink/moment_OL2_genC.c:152:18:rtIsInfF	16	static
../Drivers/Simulink/moment_OL2_genC.c:158:18:rtIsNaN	32	static
../Drivers/Simulink/moment_OL2_genC.c:180:18:rtIsNaNF	24	static
../Drivers/Simulink/moment_OL2_genC.c:192:15:rtGetInf	32	static
../Drivers/Simulink/moment_OL2_genC.c:216:17:rtGetInfF	16	static
../Drivers/Simulink/moment_OL2_genC.c:227:15:rtGetMinusInf	32	static
../Drivers/Simulink/moment_OL2_genC.c:251:17:rtGetMinusInfF	16	static
../Drivers/Simulink/moment_OL2_genC.c:262:13:rt_ertODEUpdateContinuousStates	112	static
../Drivers/Simulink/moment_OL2_genC.c:329:6:moment_OL2_genC_step	288	static
../Drivers/Simulink/moment_OL2_genC.c:547:6:moment_OL2_genC_derivatives	16	static
../Drivers/Simulink/moment_OL2_genC.c:572:6:moment_OL2_genC_initialize	8	static
