../Drivers/simulink/dynamic_circle_3.c:101:15:rtGetInf	32	static
../Drivers/simulink/dynamic_circle_3.c:125:17:rtGetInfF	16	static
../Drivers/simulink/dynamic_circle_3.c:136:15:rtGetMinusInf	32	static
../Drivers/simulink/dynamic_circle_3.c:160:17:rtGetMinusInfF	16	static
../Drivers/simulink/dynamic_circle_3.c:171:15:rtGetNaN	32	static
../Drivers/simulink/dynamic_circle_3.c:195:17:rtGetNaNF	16	static
../Drivers/simulink/dynamic_circle_3.c:207:13:rt_InitInfAndNaN	16	static
../Drivers/simulink/dynamic_circle_3.c:219:18:rtIsInf	16	static
../Drivers/simulink/dynamic_circle_3.c:225:18:rtIsInfF	16	static
../Drivers/simulink/dynamic_circle_3.c:231:18:rtIsNaN	32	static
../Drivers/simulink/dynamic_circle_3.c:253:18:rtIsNaNF	24	static
../Drivers/simulink/dynamic_circle_3.c:265:13:rt_ertODEUpdateContinuousStates	112	static
../Drivers/simulink/dynamic_circle_3.c:332:6:dynamic_circle_3_step	784	static
../Drivers/simulink/dynamic_circle_3.c:1011:6:dynamic_circle_3_derivatives	16	static
../Drivers/simulink/dynamic_circle_3.c:1036:6:dynamic_circle_3_initialize	8	static
