E:/232/z Luan Van/stm32f4/f411_test_imu_uwb/f411_test_imu_uwb/bno055_stm32-master/bno055_stm32.h:20:6:bno055_assignI2C	1
E:/232/z Luan Van/stm32f4/f411_test_imu_uwb/f411_test_imu_uwb/bno055_stm32-master/bno055_stm32.h:24:6:bno055_delay	1
E:/232/z Luan Van/stm32f4/f411_test_imu_uwb/f411_test_imu_uwb/bno055_stm32-master/bno055_stm32.h:32:6:bno055_writeData	23
E:/232/z Luan Van/stm32f4/f411_test_imu_uwb/f411_test_imu_uwb/bno055_stm32-master/bno055_stm32.h:96:6:bno055_readData	1
../Core/Src/main.c:134:6:encoder_cal	1
../Core/Src/main.c:175:6:pos_xy	2
../Core/Src/main.c:187:6:get_yaw	3
../Core/Src/main.c:204:6:get_d	10
../Core/Src/main.c:286:5:main	1
../Core/Src/main.c:420:6:SystemClock_Config	3
../Core/Src/main.c:467:13:MX_I2C3_Init	2
../Core/Src/main.c:501:13:MX_TIM1_Init	3
../Core/Src/main.c:551:13:MX_TIM2_Init	3
../Core/Src/main.c:600:13:MX_TIM3_Init	3
../Core/Src/main.c:648:13:MX_TIM4_Init	3
../Core/Src/main.c:697:13:MX_USART1_UART_Init	2
../Core/Src/main.c:730:13:MX_USART2_UART_Init	2
../Core/Src/main.c:763:13:MX_USART6_UART_Init	2
../Core/Src/main.c:794:13:MX_DMA_Init	1
../Core/Src/main.c:812:13:MX_GPIO_Init	1
../Core/Src/main.c:858:6:Error_Handler	1
