../Core/Src/main.c:78:6:PWM_3	16	static
../Core/Src/main.c:101:6:PWM_4	16	static
../Core/Src/main.c:124:6:HAL_UART_RxCpltCallback	32	static
../Core/Src/main.c:275:5:main	8	static
../Core/Src/main.c:344:6:SystemClock_Config	72	static
../Core/Src/main.c:384:13:MX_TIM3_Init	48	static
../Core/Src/main.c:445:13:MX_TIM4_Init	48	static
../Core/Src/main.c:506:13:MX_USART2_UART_Init	8	static
../Core/Src/main.c:539:13:MX_GPIO_Init	40	static
../Core/Src/main.c:585:6:Error_Handler	4	static,ignoring_inline_asm
